> data <- read.csv("data.csv", header=T)
> data_a <- data$divergence_low
> data_b <- data$divergence_high
> 
> out <- t.test(data_a, data_b, paired=TRUE, alternative="two.sided")
> out

	Paired t-test

data:  data_a and data_b
t = -12.389, df = 80, p-value < 2.2e-16
alternative hypothesis: true mean difference is not equal to 0
95 percent confidence interval:
 -0.8812175 -0.6373010
sample estimates:
mean difference 
     -0.7592593 

> 
> library(broom)
> 
> write.csv(tidy(out), "out.csv")
> 
