> data <- read.csv("data.csv", header=T)
> data_a <- data$certainty_low
> data_b <- data$certainty_high
> 
> out <- t.test(data_a, data_b, paired=TRUE, alternative="two.sided")
> out

	Paired t-test

data:  data_a and data_b
t = -6.3469, df = 79, p-value = 1.285e-08
alternative hypothesis: true mean difference is not equal to 0
95 percent confidence interval:
 -0.4337650 -0.2266517
sample estimates:
mean difference 
     -0.3302083 

> 
> library(broom)
> 
> write.csv(tidy(out), "out.csv")
> 
