> data <- read.csv("data.csv", header=T)
> data_a <- data$consistency_low
> data_b <- data$consistency_high
> 
> out <- t.test(data_a, data_b, paired=TRUE, alternative="two.sided")
> out

	Paired t-test

data:  data_a and data_b
t = -13.762, df = 78, p-value < 2.2e-16
alternative hypothesis: true mean difference is not equal to 0
95 percent confidence interval:
 -1.365620 -1.020456
sample estimates:
mean difference 
      -1.193038 

> 
> library(broom)
> 
> write.csv(tidy(out), "out.csv")
> 
