> data <- read.csv("data.csv", header=T)
> data_a <- data$consistency_low
> data_b <- data$consistency_high
> 
> out <- t.test(data_a, data_b, paired=TRUE, alternative="two.sided")
> out

	Paired t-test

data:  data_a and data_b
t = -7.8592, df = 78, p-value = 1.763e-11
alternative hypothesis: true mean difference is not equal to 0
95 percent confidence interval:
 -0.6709466 -0.3997285
sample estimates:
mean difference 
     -0.5353376 

> 
> library(broom)
> 
> write.csv(tidy(out), "out.csv")
> 
